// Jest Snapshot v1, https://goo.gl/fbAQLP

exports[`check component match with snapshot 1`] = `
Object {
  "asFragment": [Function],
  "baseElement": <body>
    <div>
      <div
        class="calculator-wrapper"
      >
        <div
          class="screen"
          data-testid="screen"
        >
          <p />
        </div>
        <div
          class="btn-container"
        >
          <div
            class="btn-row"
          >
            <button
              class="btn"
              data-testid="AC"
            >
              AC
            </button>
            <button
              class="btn"
              data-testid="+/-"
            >
              +/-
            </button>
            <button
              class="btn"
              data-testid="%"
            >
              %
            </button>
            <button
              class="btn btn-last"
              data-testid="รท"
            >
              รท
            </button>
          </div>
          <div
            class="btn-row"
          >
            <button
              class="btn"
              data-testid="7"
            >
              7
            </button>
            <button
              class="btn"
              data-testid="8"
            >
              8
            </button>
            <button
              class="btn"
              data-testid="9"
            >
              9
            </button>
            <button
              class="btn btn-last"
              data-testid="x"
            >
              x
            </button>
          </div>
          <div
            class="btn-row"
          >
            <button
              class="btn"
              data-testid="4"
            >
              4
            </button>
            <button
              class="btn"
              data-testid="5"
            >
              5
            </button>
            <button
              class="btn"
              data-testid="6"
            >
              6
            </button>
            <button
              class="btn btn-last"
              data-testid="-"
            >
              -
            </button>
          </div>
          <div
            class="btn-row"
          >
            <button
              class="btn"
              data-testid="1"
            >
              1
            </button>
            <button
              class="btn"
              data-testid="2"
            >
              2
            </button>
            <button
              class="btn"
              data-testid="3"
            >
              3
            </button>
            <button
              class="btn btn-last"
              data-testid="+"
            >
              +
            </button>
          </div>
          <div
            class="btn-row"
          >
            <button
              class="btn btn-zero"
              data-testid="0"
            >
              0
            </button>
            <button
              class="btn"
              data-testid="."
            >
              .
            </button>
            <button
              class="btn btn-last"
              data-testid="="
            >
              =
            </button>
          </div>
        </div>
      </div>
    </div>
  </body>,
  "container": <div>
    <div
      class="calculator-wrapper"
    >
      <div
        class="screen"
        data-testid="screen"
      >
        <p />
      </div>
      <div
        class="btn-container"
      >
        <div
          class="btn-row"
        >
          <button
            class="btn"
            data-testid="AC"
          >
            AC
          </button>
          <button
            class="btn"
            data-testid="+/-"
          >
            +/-
          </button>
          <button
            class="btn"
            data-testid="%"
          >
            %
          </button>
          <button
            class="btn btn-last"
            data-testid="รท"
          >
            รท
          </button>
        </div>
        <div
          class="btn-row"
        >
          <button
            class="btn"
            data-testid="7"
          >
            7
          </button>
          <button
            class="btn"
            data-testid="8"
          >
            8
          </button>
          <button
            class="btn"
            data-testid="9"
          >
            9
          </button>
          <button
            class="btn btn-last"
            data-testid="x"
          >
            x
          </button>
        </div>
        <div
          class="btn-row"
        >
          <button
            class="btn"
            data-testid="4"
          >
            4
          </button>
          <button
            class="btn"
            data-testid="5"
          >
            5
          </button>
          <button
            class="btn"
            data-testid="6"
          >
            6
          </button>
          <button
            class="btn btn-last"
            data-testid="-"
          >
            -
          </button>
        </div>
        <div
          class="btn-row"
        >
          <button
            class="btn"
            data-testid="1"
          >
            1
          </button>
          <button
            class="btn"
            data-testid="2"
          >
            2
          </button>
          <button
            class="btn"
            data-testid="3"
          >
            3
          </button>
          <button
            class="btn btn-last"
            data-testid="+"
          >
            +
          </button>
        </div>
        <div
          class="btn-row"
        >
          <button
            class="btn btn-zero"
            data-testid="0"
          >
            0
          </button>
          <button
            class="btn"
            data-testid="."
          >
            .
          </button>
          <button
            class="btn btn-last"
            data-testid="="
          >
            =
          </button>
        </div>
      </div>
    </div>
  </div>,
  "debug": [Function],
  "findAllByAltText": [Function],
  "findAllByDisplayValue": [Function],
  "findAllByLabelText": [Function],
  "findAllByPlaceholderText": [Function],
  "findAllByRole": [Function],
  "findAllByTestId": [Function],
  "findAllByText": [Function],
  "findAllByTitle": [Function],
  "findByAltText": [Function],
  "findByDisplayValue": [Function],
  "findByLabelText": [Function],
  "findByPlaceholderText": [Function],
  "findByRole": [Function],
  "findByTestId": [Function],
  "findByText": [Function],
  "findByTitle": [Function],
  "getAllByAltText": [Function],
  "getAllByDisplayValue": [Function],
  "getAllByLabelText": [Function],
  "getAllByPlaceholderText": [Function],
  "getAllByRole": [Function],
  "getAllByTestId": [Function],
  "getAllByText": [Function],
  "getAllByTitle": [Function],
  "getByAltText": [Function],
  "getByDisplayValue": [Function],
  "getByLabelText": [Function],
  "getByPlaceholderText": [Function],
  "getByRole": [Function],
  "getByTestId": [Function],
  "getByText": [Function],
  "getByTitle": [Function],
  "queryAllByAltText": [Function],
  "queryAllByDisplayValue": [Function],
  "queryAllByLabelText": [Function],
  "queryAllByPlaceholderText": [Function],
  "queryAllByRole": [Function],
  "queryAllByTestId": [Function],
  "queryAllByText": [Function],
  "queryAllByTitle": [Function],
  "queryByAltText": [Function],
  "queryByDisplayValue": [Function],
  "queryByLabelText": [Function],
  "queryByPlaceholderText": [Function],
  "queryByRole": [Function],
  "queryByTestId": [Function],
  "queryByText": [Function],
  "queryByTitle": [Function],
  "rerender": [Function],
  "unmount": [Function],
}
`;
